[0m[38;2;0;255;0;1m[ 18%]:[0m [2mcompiling.debug src\Client\ClientMain.cpp[0m
"C:\\Program Files\\Microsoft Visual Studio\\2022\\Community\\VC\\Tools\\MSVC\\14.44.35207\\bin\\HostX64\\x64\\cl.exe" -c -nologo -MDd -Zi -FS -Fdbuild\windows\x64\debug\compile.Client.pdb -Od -std:c++20 -Isrc\Client\public -Isrc\CommonNet -DSFML_STATIC -DFLAC__NO_DLL /EHsc -external:W0 -external:IC:\Users\PIERRE\AppData\Local\.xmake\packages\s\sfml\3.0.1\70b9991013c44856bfaba7061556287f\include -external:W0 -external:IC:\Users\PIERRE\AppData\Local\.xmake\packages\f\freetype\2.14.1\95b342bf46454d7db596c40e4ca00f87\include\freetype2 -external:W0 -external:IC:\Users\PIERRE\AppData\Local\.xmake\packages\z\zlib\v1.3.1\553aa759ee6a4f56b40e79352ddd3cd1\include -external:W0 -external:IC:\Users\PIERRE\AppData\Local\.xmake\packages\l\libflac\1.5.0\5e1365e3b2a64db198495e379917210a\include -external:W0 -external:IC:\Users\PIERRE\AppData\Local\.xmake\packages\l\libvorbis\1.3.7\e3e47fd7dffe4384b89ab28bbc755b79\include -external:W0 -external:IC:\Users\PIERRE\AppData\Local\.xmake\packages\l\libogg\v1.3.6\d44abcb6ae224db893f15bcd399dbc61\include -Fobuild\.objs\Client\windows\x64\debug\src\Client\ClientMain.cpp.obj src\Client\ClientMain.cpp
[0m[38;2;0;255;0;1m[ 22%]:[0m [2mcompiling.debug src\Client\private\ChatBox.cpp[0m
"C:\\Program Files\\Microsoft Visual Studio\\2022\\Community\\VC\\Tools\\MSVC\\14.44.35207\\bin\\HostX64\\x64\\cl.exe" -c -nologo -MDd -Zi -FS -Fdbuild\windows\x64\debug\compile.Client.pdb -Od -std:c++20 -Isrc\Client\public -Isrc\CommonNet -DSFML_STATIC -DFLAC__NO_DLL /EHsc -external:W0 -external:IC:\Users\PIERRE\AppData\Local\.xmake\packages\s\sfml\3.0.1\70b9991013c44856bfaba7061556287f\include -external:W0 -external:IC:\Users\PIERRE\AppData\Local\.xmake\packages\f\freetype\2.14.1\95b342bf46454d7db596c40e4ca00f87\include\freetype2 -external:W0 -external:IC:\Users\PIERRE\AppData\Local\.xmake\packages\z\zlib\v1.3.1\553aa759ee6a4f56b40e79352ddd3cd1\include -external:W0 -external:IC:\Users\PIERRE\AppData\Local\.xmake\packages\l\libflac\1.5.0\5e1365e3b2a64db198495e379917210a\include -external:W0 -external:IC:\Users\PIERRE\AppData\Local\.xmake\packages\l\libvorbis\1.3.7\e3e47fd7dffe4384b89ab28bbc755b79\include -external:W0 -external:IC:\Users\PIERRE\AppData\Local\.xmake\packages\l\libogg\v1.3.6\d44abcb6ae224db893f15bcd399dbc61\include -Fobuild\.objs\Client\windows\x64\debug\src\Client\private\ChatBox.cpp.obj src\Client\private\ChatBox.cpp
[0m[38;2;0;255;0;1m[ 27%]:[0m [2mcompiling.debug src\Client\private\GameClient.cpp[0m
"C:\\Program Files\\Microsoft Visual Studio\\2022\\Community\\VC\\Tools\\MSVC\\14.44.35207\\bin\\HostX64\\x64\\cl.exe" -c -nologo -MDd -Zi -FS -Fdbuild\windows\x64\debug\compile.Client.pdb -Od -std:c++20 -Isrc\Client\public -Isrc\CommonNet -DSFML_STATIC -DFLAC__NO_DLL /EHsc -external:W0 -external:IC:\Users\PIERRE\AppData\Local\.xmake\packages\s\sfml\3.0.1\70b9991013c44856bfaba7061556287f\include -external:W0 -external:IC:\Users\PIERRE\AppData\Local\.xmake\packages\f\freetype\2.14.1\95b342bf46454d7db596c40e4ca00f87\include\freetype2 -external:W0 -external:IC:\Users\PIERRE\AppData\Local\.xmake\packages\z\zlib\v1.3.1\553aa759ee6a4f56b40e79352ddd3cd1\include -external:W0 -external:IC:\Users\PIERRE\AppData\Local\.xmake\packages\l\libflac\1.5.0\5e1365e3b2a64db198495e379917210a\include -external:W0 -external:IC:\Users\PIERRE\AppData\Local\.xmake\packages\l\libvorbis\1.3.7\e3e47fd7dffe4384b89ab28bbc755b79\include -external:W0 -external:IC:\Users\PIERRE\AppData\Local\.xmake\packages\l\libogg\v1.3.6\d44abcb6ae224db893f15bcd399dbc61\include -Fobuild\.objs\Client\windows\x64\debug\src\Client\private\GameClient.cpp.obj src\Client\private\GameClient.cpp
[0m[38;2;0;255;0;1m[ 31%]:[0m [2mcompiling.debug src\Client\private\NetworkClient.cpp[0m
"C:\\Program Files\\Microsoft Visual Studio\\2022\\Community\\VC\\Tools\\MSVC\\14.44.35207\\bin\\HostX64\\x64\\cl.exe" -c -nologo -MDd -Zi -FS -Fdbuild\windows\x64\debug\compile.Client.pdb -Od -std:c++20 -Isrc\Client\public -Isrc\CommonNet -DSFML_STATIC -DFLAC__NO_DLL /EHsc -external:W0 -external:IC:\Users\PIERRE\AppData\Local\.xmake\packages\s\sfml\3.0.1\70b9991013c44856bfaba7061556287f\include -external:W0 -external:IC:\Users\PIERRE\AppData\Local\.xmake\packages\f\freetype\2.14.1\95b342bf46454d7db596c40e4ca00f87\include\freetype2 -external:W0 -external:IC:\Users\PIERRE\AppData\Local\.xmake\packages\z\zlib\v1.3.1\553aa759ee6a4f56b40e79352ddd3cd1\include -external:W0 -external:IC:\Users\PIERRE\AppData\Local\.xmake\packages\l\libflac\1.5.0\5e1365e3b2a64db198495e379917210a\include -external:W0 -external:IC:\Users\PIERRE\AppData\Local\.xmake\packages\l\libvorbis\1.3.7\e3e47fd7dffe4384b89ab28bbc755b79\include -external:W0 -external:IC:\Users\PIERRE\AppData\Local\.xmake\packages\l\libogg\v1.3.6\d44abcb6ae224db893f15bcd399dbc61\include -Fobuild\.objs\Client\windows\x64\debug\src\Client\private\NetworkClient.cpp.obj src\Client\private\NetworkClient.cpp
[0m[38;2;0;255;0;1m[ 45%]:[0m [2mcompiling.debug src\Server\private\Core\GameServer.cpp[0m
"C:\\Program Files\\Microsoft Visual Studio\\2022\\Community\\VC\\Tools\\MSVC\\14.44.35207\\bin\\HostX64\\x64\\cl.exe" -c -nologo -MDd -Zi -FS -Fdbuild\windows\x64\debug\compile.Server.pdb -Od -std:c++20 -Isrc\Server\public -Isrc\CommonNet /EHsc -Fobuild\.objs\Server\windows\x64\debug\src\Server\private\Core\GameServer.cpp.obj src\Server\private\Core\GameServer.cpp
[0m[38;2;0;255;0;1m[ 49%]:[0m [2mcompiling.debug src\Server\private\Core\ServerMain.cpp[0m
"C:\\Program Files\\Microsoft Visual Studio\\2022\\Community\\VC\\Tools\\MSVC\\14.44.35207\\bin\\HostX64\\x64\\cl.exe" -c -nologo -MDd -Zi -FS -Fdbuild\windows\x64\debug\compile.Server.pdb -Od -std:c++20 -Isrc\Server\public -Isrc\CommonNet /EHsc -Fobuild\.objs\Server\windows\x64\debug\src\Server\private\Core\ServerMain.cpp.obj src\Server\private\Core\ServerMain.cpp
[0m[38;2;0;255;0;1m[ 54%]:[0m [2mcompiling.debug src\Server\private\NetworkServer.cpp[0m
"C:\\Program Files\\Microsoft Visual Studio\\2022\\Community\\VC\\Tools\\MSVC\\14.44.35207\\bin\\HostX64\\x64\\cl.exe" -c -nologo -MDd -Zi -FS -Fdbuild\windows\x64\debug\compile.Server.pdb -Od -std:c++20 -Isrc\Server\public -Isrc\CommonNet /EHsc -Fobuild\.objs\Server\windows\x64\debug\src\Server\private\NetworkServer.cpp.obj src\Server\private\NetworkServer.cpp
[0m[38;2;0;255;0;1m[ 58%]:[0m [2mcompiling.debug src\Server\private\Systems\AuthenticationSystem.cpp[0m
"C:\\Program Files\\Microsoft Visual Studio\\2022\\Community\\VC\\Tools\\MSVC\\14.44.35207\\bin\\HostX64\\x64\\cl.exe" -c -nologo -MDd -Zi -FS -Fdbuild\windows\x64\debug\compile.Server.pdb -Od -std:c++20 -Isrc\Server\public -Isrc\CommonNet /EHsc -Fobuild\.objs\Server\windows\x64\debug\src\Server\private\Systems\AuthenticationSystem.cpp.obj src\Server\private\Systems\AuthenticationSystem.cpp
[0m[38;2;0;255;0;1m[ 63%]:[0m [2mcompiling.debug src\Server\private\Systems\ChatSystem.cpp[0m
"C:\\Program Files\\Microsoft Visual Studio\\2022\\Community\\VC\\Tools\\MSVC\\14.44.35207\\bin\\HostX64\\x64\\cl.exe" -c -nologo -MDd -Zi -FS -Fdbuild\windows\x64\debug\compile.Server.pdb -Od -std:c++20 -Isrc\Server\public -Isrc\CommonNet /EHsc -Fobuild\.objs\Server\windows\x64\debug\src\Server\private\Systems\ChatSystem.cpp.obj src\Server\private\Systems\ChatSystem.cpp
[0m[38;2;0;255;0;1m[ 67%]:[0m [2mcompiling.debug src\Server\private\Systems\MiniGameSystem.cpp[0m
"C:\\Program Files\\Microsoft Visual Studio\\2022\\Community\\VC\\Tools\\MSVC\\14.44.35207\\bin\\HostX64\\x64\\cl.exe" -c -nologo -MDd -Zi -FS -Fdbuild\windows\x64\debug\compile.Server.pdb -Od -std:c++20 -Isrc\Server\public -Isrc\CommonNet /EHsc -Fobuild\.objs\Server\windows\x64\debug\src\Server\private\Systems\MiniGameSystem.cpp.obj src\Server\private\Systems\MiniGameSystem.cpp
[0m[1;38;2;255;0;0;1merror: [0mAuthenticationSystem.cpp
C:\Program Files (x86)\Windows Kits\10\include\10.0.26100.0\shared\inaddr.h(27): error C3646: 's_b1' : spécificateur de substitution inconnu
C:\Program Files (x86)\Windows Kits\10\include\10.0.26100.0\shared\inaddr.h(27): error C2059: erreur de syntaxe : ','
C:\Program Files (x86)\Windows Kits\10\include\10.0.26100.0\shared\inaddr.h(27): error C2238: jetons inattendus avant ';'
C:\Program Files (x86)\Windows Kits\10\include\10.0.26100.0\shared\inaddr.h(28): error C3646: 's_w1' : spécificateur de substitution inconnu
C:\Program Files (x86)\Windows Kits\10\include\10.0.26100.0\shared\inaddr.h(28): error C2059: erreur de syntaxe : ','
C:\Program Files (x86)\Windows Kits\10\include\10.0.26100.0\shared\inaddr.h(28): error C2238: jetons inattendus avant ';'
C:\Program Files (x86)\Windows Kits\10\include\10.0.26100.0\shared\inaddr.h(29): error C3646: 'S_addr' : spécificateur de substitution inconnu
C:\Program Files (x86)\Windows Kits\10\include\10.0.26100.0\shared\inaddr.h(29): error C4430: spécificateur de type manquant - int est pris en compte par défaut. Remarque : C++ ne prend pas en charge int par défaut
C:\Program Files (x86)\Windows Kits\10\include\10.0.26100.0\shared\inaddr.h(37): error C2143: erreur de syntaxe : absence de ';' avant '*'
C:\Program Files (x86)\Windows Kits\10\include\10.0.26100.0\shared\inaddr.h(37): error C4430: spécificateur de type manquant - int est pris en compte par défaut. Remarque : C++ ne prend pas en charge int par défaut
C:\Program Files (x86)\Windows Kits\10\include\10.0.26100.0\shared\ws2def.h(81): error C4430: spécificateur de type manquant - int est pris en compte par défaut. Remarque : C++ ne prend pas en charge int par défaut
C:\Program Files (x86)\Windows Kits\10\include\10.0.26100.0\shared\ws2def.h(81): error C2146: erreur de syntaxe : absence de ';' avant l'identificateur 'ADDRESS_FAMILY'
C:\Program Files (x86)\Windows Kits\10\include\10.0.26100.0\shared\ws2def.h(81): error C4430: spécificateur de type manquant - int est pris en compte par défaut. Remarque : C++ ne prend pas en charge int par défaut
C:\Program Files (x86)\Windows Kits\10\include\10.0.26100.0\shared\ws2def.h(249): error C3646: 'sa_family' : spécificateur de substitution inconnu
C:\Program Files (x86)\Windows Kits\10\include\10.0.26100.0\shared\ws2def.h(249): error C4430: spécificateur de type manquant - int est pris en compte par défaut. Remarque : C++ ne prend pas en charge int par défaut
C:\Program Files (x86)\Windows Kits\10\include\10.0.26100.0\shared\ws2def.h(254): error C3646: 'sa_data' : spécificateur de substitution inconnu
C:\Program Files (x86)\Windows Kits\10\include\10.0.26100.0\shared\ws2def.h(254): error C2143: erreur de syntaxe : absence de ',' avant '['
C:\Program Files (x86)\Windows Kits\10\include\10.0.26100.0\shared\ws2def.h(254): error C2238: jetons inattendus avant ';'
C:\Program Files (x86)\Windows Kits\10\include\10.0.26100.0\shared\ws2def.h(255): error C2143: erreur de syntaxe : absence de ';' avant '*'
C:\Program Files (x86)\Windows Kits\10\include\10.0.26100.0\shared\ws2def.h(255): error C2371: 'FAR' : redéfinition ; types de base différents
C:\Program Files (x86)\Windows Kits\10\include\10.0.26100.0\shared\inaddr.h(37): note: voir la déclaration de 'FAR'
C:\Program Files (x86)\Windows Kits\10\include\10.0.26100.0\shared\ws2def.h(255): error C4430: spécificateur de type manquant - int est pris en compte par défaut. Remarque : C++ ne prend pas en charge int par défaut
C:\Program Files (x86)\Windows Kits\10\include\10.0.26100.0\shared\ws2def.h(265): error C3646: 'lpSockaddr' : spécificateur de substitution inconnu
C:\Program Files (x86)\Windows Kits\10\include\10.0.26100.0\shared\ws2def.h(265): error C4430: spécificateur de type manquant - int est pris en compte par défaut. Remarque : C++ ne prend pas en charge int par défaut
C:\Program Files (x86)\Windows Kits\10\include\10.0.26100.0\shared\ws2def.h(274): error C3646: 'iSockaddrLength' : spécificateur de substitution inconnu
C:\Program Files (x86)\Windows Kits\10\include\10.0.26100.0\shared\ws2def.h(274): error C4430: spécificateur de type manquant - int est pris en compte par défaut. Remarque : C++ ne prend pas en charge int par défaut
C:\Program Files (x86)\Windows Kits\10\include\10.0.26100.0\shared\ws2def.h(283): error C3646: 'iAddressCount' : spécificateur de substitution inconnu
C:\Program Files (x86)\Windows Kits\10\include\10.0.26100.0\shared\ws2def.h(283): error C4430: spécificateur de type manquant - int est pris en compte par défaut. Remarque : C++ ne prend pas en charge int par défaut
C:\Program Files (x86)\Windows Kits\10\include\10.0.26100.0\shared\ws2def.h(285): error C2143: erreur de syntaxe : absence de ';' avant '*'
C:\Program Files (x86)\Windows Kits\10\include\10.0.26100.0\shared\ws2def.h(285): error C2371: 'FAR' : redéfinition ; types de base différents
C:\Program Files (x86)\Windows Kits\10\include\10.0.26100.0\shared\inaddr.h(37): note: voir la déclaration de 'FAR'
C:\Program Files (x86)\Windows Kits\10\include\10.0.26100.0\shared\ws2def.h(285): error C4430: spécificateur de type manquant - int est pris en compte par défaut. Remarque : C++ ne prend pas en charge int par défaut
C:\Program Files (x86)\Windows Kits\10\include\10.0.26100.0\shared\ws2def.h(301): error C3646: 'iSocketType' : spécificateur de substitution inconnu
C:\Program Files (x86)\Windows Kits\10\include\10.0.26100.0\shared\ws2def.h(301): error C4430: spécificateur de type manquant - int est pris en compte par défaut. Remarque : C++ ne prend pas en charge int par défaut
C:\Program Files (x86)\Windows Kits\10\include\10.0.26100.0\shared\ws2def.h(302): error C3646: 'iProtocol' : spécificateur de substitution inconnu
C:\Program Files (x86)\Windows Kits\10\include\10.0.26100.0\shared\ws2def.h(302): error C4430: spécificateur de type manquant - int est pris en compte par défaut. Remarque : C++ ne prend pas en charge int par défaut
C:\Program Files (x86)\Windows Kits\10\include\10.0.26100.0\shared\ws2def.h(303): error C2143: erreur de syntaxe : absence de ';' avant '*'
C:\Program Files (x86)\Windows Kits\10\include\10.0.26100.0\shared\ws2def.h(303): error C2371: 'FAR' : redéfinition ; types de base différents
C:\Program Files (x86)\Windows Kits\10\include\10.0.26100.0\shared\inaddr.h(37): note: voir la déclaration de 'FAR'
C:\Program Files (x86)\Windows Kits\10\include\10.0.26100.0\shared\ws2def.h(303): error C4430: spécificateur de type manquant - int est pris en compte par défaut. Remarque : C++ ne prend pas en charge int par défaut
C:\Program Files (x86)\Windows Kits\10\include\10.0.26100.0\shared\ws2def.h(331): error C3646: 'ss_family' : spécificateur de substitution inconnu
C:\Program Files (x86)\Windows Kits\10\include\10.0.26100.0\shared\ws2def.h(331): error C4430: spécificateur de type manquant - int est pris en compte par défaut. Remarque : C++ ne prend pas en charge int par défaut
C:\Program Files (x86)\Windows Kits\10\include\10.0.26100.0\shared\ws2def.h(333): error C3646: '__ss_pad1' : spécificateur de substitution inconnu
C:\Program Files (x86)\Windows Kits\10\include\10.0.26100.0\shared\ws2def.h(333): error C2143: erreur de syntaxe : absence de ',' avant '['
C:\Program Files (x86)\Windows Kits\10\include\10.0.26100.0\shared\ws2def.h(333): error C2238: jetons inattendus avant ';'
C:\Program Files (x86)\Windows Kits\10\include\10.0.26100.0\shared\ws2def.h(338): error C3646: '__ss_pad2' : spécificateur de substitution inconnu
C:\Program Files (x86)\Windows Kits\10\include\10.0.26100.0\shared\ws2def.h(338): error C2143: erreur de syntaxe : absence de ',' avant '['
C:\Program Files (x86)\Windows Kits\10\include\10.0.26100.0\shared\ws2def.h(338): error C2238: jetons inattendus avant ';'
C:\Program Files (x86)\Windows Kits\10\include\10.0.26100.0\shared\ws2def.h(342): error C2143: erreur de syntaxe : absence de ';' avant '*'
C:\Program Files (x86)\Windows Kits\10\include\10.0.26100.0\shared\ws2def.h(342): error C2371: 'FAR' : redéfinition ; types de base différents
C:\Program Files (x86)\Windows Kits\10\include\10.0.26100.0\shared\inaddr.h(37): note: voir la déclaration de 'FAR'
C:\Program Files (x86)\Windows Kits\10\include\10.0.26100.0\shared\ws2def.h(342): error C4430: spécificateur de type manquant - int est pris en compte par défaut. Remarque : C++ ne prend pas en charge int par défaut
C:\Program Files (x86)\Windows Kits\10\include\10.0.26100.0\shared\ws2def.h(349): error C3646: '__ss_pad1' : spécificateur de substitution inconnu
C:\Program Files (x86)\Windows Kits\10\include\10.0.26100.0\shared\ws2def.h(349): error C2143: erreur de syntaxe : absence de ',' avant '['
C:\Program Files (x86)\Windows Kits\10\include\10.0.26100.0\shared\ws2def.h(349): error C2238: jetons inattendus avant ';'
C:\Program Files (x86)\Windows Kits\10\include\10.0.26100.0\shared\ws2def.h(354): error C3646: '__ss_pad2' : spécificateur de substitution inconnu
C:\Program Files (x86)\Windows Kits\10\include\10.0.26100.0\shared\ws2def.h(354): error C2143: erreur de syntaxe : absence de ',' avant '['
C:\Program Files (x86)\Windows Kits\10\include\10.0.26100.0\shared\ws2def.h(354): error C2238: jetons inattendus avant ';'
C:\Program Files (x86)\Windows Kits\10\include\10.0.26100.0\shared\ws2def.h(358): error C2143: erreur de syntaxe : absence de ';' avant '*'
C:\Program Files (x86)\Windows Kits\10\include\10.0.26100.0\shared\ws2def.h(358): error C2371: 'FAR' : redéfinition ; types de base différents
C:\Program Files (x86)\Windows Kits\10\include\10.0.26100.0\shared\inaddr.h(37): note: voir la déclaration de 'FAR'
C:\Program Files (x86)\Windows Kits\10\include\10.0.26100.0\shared\ws2def.h(358): error C4430: spécificateur de type manquant - int est pris en compte par défaut. Remarque : C++ ne prend pas en charge int par défaut
C:\Program Files (x86)\Windows Kits\10\include\10.0.26100.0\shared\ws2def.h(631): error C3646: 'Zone' : spécificateur de substitution inconnu
C:\Program Files (x86)\Windows Kits\10\include\10.0.26100.0\shared\ws2def.h(631): error C2059: erreur de syntaxe : ':'
C:\Program Files (x86)\Windows Kits\10\include\10.0.26100.0\shared\ws2def.h(631): error C2334: jetons inattendus avant ':' ; corps apparent de la fonction ignoré
C:\Program Files (x86)\Windows Kits\10\include\10.0.26100.0\shared\ws2def.h(633): error C4430: spécificateur de type manquant - int est pris en compte par défaut. Remarque : C++ ne prend pas en charge int par défaut
C:\Program Files (x86)\Windows Kits\10\include\10.0.26100.0\shared\ws2def.h(634): error C3646: 'Value' : spécificateur de substitution inconnu
C:\Program Files (x86)\Windows Kits\10\include\10.0.26100.0\shared\ws2def.h(634): error C4430: spécificateur de type manquant - int est pris en compte par défaut. Remarque : C++ ne prend pas en charge int par défaut
C:\Program Files (x86)\Windows Kits\10\include\10.0.26100.0\shared\ws2def.h(654): error C3646: 'sin_zero' : spécificateur de substitution inconnu
C:\Program Files (x86)\Windows Kits\10\include\10.0.26100.0\shared\ws2def.h(654): error C2143: erreur de syntaxe : absence de ',' avant '['
C:\Program Files (x86)\Windows Kits\10\include\10.0.26100.0\shared\ws2def.h(654): error C2238: jetons inattendus avant ';'
C:\Program Files (x86)\Windows Kits\10\include\10.0.26100.0\shared\ws2def.h(696): error C3646: 'len' : spécificateur de substitution inconnu
C:\Program Files (x86)\Windows Kits\10\include\10.0.26100.0\shared\ws2def.h(696): error C4430: spécificateur de type manquant - int est pris en compte par défaut. Remarque : C++ ne prend pas en charge int par défaut
C:\Program Files (x86)\Windows Kits\10\include\10.0.26100.0\shared\ws2def.h(697): error C3646: 'FAR' : spécificateur de substitution inconnu
C:\Program Files (x86)\Windows Kits\10\include\10.0.26100.0\shared\ws2def.h(697): error C2143: erreur de syntaxe : absence de ';' avant '*'
C:\Program Files (x86)\Windows Kits\10\include\10.0.26100.0\shared\ws2def.h(697): error C4430: spécificateur de type manquant - int est pris en compte par défaut. Remarque : C++ ne prend pas en charge int par défaut
C:\Program Files (x86)\Windows Kits\10\include\10.0.26100.0\shared\ws2def.h(697): error C2238: jetons inattendus avant ';'
C:\Program Files (x86)\Windows Kits\10\include\10.0.26100.0\shared\ws2def.h(698): error C2143: erreur de syntaxe : absence de ';' avant '*'
C:\Program Files (x86)\Windows Kits\10\include\10.0.26100.0\shared\ws2def.h(698): error C2238: jetons inattendus avant ';'
C:\Program Files (x86)\Windows Kits\10\include\10.0.26100.0\shared\ws2def.h(705): error C3646: 'name' : spécificateur de substitution inconnu
C:\Program Files (x86)\Windows Kits\10\include\10.0.26100.0\shared\ws2def.h(705): error C4430: spécificateur de type manquant - int est pris en compte par défaut. Remarque : C++ ne prend pas en charge int par défaut
C:\Program Files (x86)\Windows Kits\10\include\10.0.26100.0\shared\ws2def.h(706): error C3646: 'namelen' : spécificateur de substitution inconnu
C:\Program Files (x86)\Windows Kits\10\include\10.0.26100.0\shared\ws2def.h(706): error C4430: spécificateur de type manquant - int est pris en compte par défaut. Remarque : C++ ne prend pas en charge int par défaut
C:\Program Files (x86)\Windows Kits\10\include\10.0.26100.0\shared\ws2def.h(707): error C3646: 'lpBuffers' : spécificateur de substitution inconnu
C:\Program Files (x86)\Windows Kits\10\include\10.0.26100.0\shared\ws2def.h(707): error C4430: spécificateur de type manquant - int est pris en compte par défaut. Remarque : C++ ne prend pas en charge int par défaut
C:\Program Files (x86)\Windows Kits\10\include\10.0.26100.0\shared\ws2def.h(712): error C3646: 'dwBufferCount' : spécificateur de substitution inconnu
C:\Program Files (x86)\Windows Kits\10\include\10.0.26100.0\shared\ws2def.h(712): error C4430: spécificateur de type manquant - int est pris en compte par défaut. Remarque : C++ ne prend pas en charge int par défaut
C:\Program Files (x86)\Windows Kits\10\include\10.0.26100.0\shared\ws2def.h(720): error C3646: 'dwFlags' : spécificateur de substitution inconnu
C:\Program Files (x86)\Windows Kits\10\include\10.0.26100.0\shared\ws2def.h(720): error C4430: spécificateur de type manquant - int est pris en compte par défaut. Remarque : C++ ne prend pas en charge int par défaut
C:\Program Files (x86)\Windows Kits\10\include\10.0.26100.0\shared\ws2def.h(723): error C3646: 'LPWSAMSG' : spécificateur de substitution inconnu
C:\Program Files (x86)\Windows Kits\10\include\10.0.26100.0\shared\ws2def.h(723): error C2040: '<unnamed-tag>::FAR' : les niveaux d'indirection de '<unnamed-tag>::_WSAMSG *' et de '<unnamed-tag>::_WSABUF' sont différents
C:\Program Files (x86)\Windows Kits\10\include\10.0.26100.0\shared\ws2def.h(733): error C3646: 'cmsg_len' : spécificateur de substitution inconnu
C:\Program Files (x86)\Windows Kits\10\include\10.0.26100.0\shared\ws2def.h(733): error C4430: spécificateur de type manquant - int est pris en compte par défaut. Remarque : C++ ne prend pas en charge int par défaut
C:\Program Files (x86)\Windows Kits\10\include\10.0.26100.0\shared\ws2def.h(734): error C3646: 'cmsg_level' : spécificateur de substitution inconnu
C:\Program Files (x86)\Windows Kits\10\include\10.0.26100.0\shared\ws2def.h(734): error C4430: spécificateur de type manquant - int est pris en compte par défaut. Remarque : C++ ne prend pas en charge int par défaut
C:\Program Files (x86)\Windows Kits\10\include\10.0.26100.0\shared\ws2def.h(735): error C3646: 'cmsg_type' : spécificateur de substitution inconnu
C:\Program Files (x86)\Windows Kits\10\include\10.0.26100.0\shared\ws2def.h(735): error C4430: spécificateur de type manquant - int est pris en compte par défaut. Remarque : C++ ne prend pas en charge int par défaut
C:\Program Files (x86)\Windows Kits\10\include\10.0.26100.0\shared\ws2def.h(737): error C2143: erreur de syntaxe : absence de ';' avant '*'
C:\Program Files (x86)\Windows Kits\10\include\10.0.26100.0\shared\ws2def.h(737): error C2371: '<unnamed-tag>::FAR' : redéfinition ; types de base différents
C:\Program Files (x86)\Windows Kits\10\include\10.0.26100.0\shared\ws2def.h(698): note: voir la déclaration de '<unnamed-tag>::FAR'
C:\Program Files (x86)\Windows Kits\10\include\10.0.26100.0\shared\ws2def.h(737): error C2238: jetons inattendus avant ';'
C:\Program Files (x86)\Windows Kits\10\include\10.0.26100.0\shared\ws2def.h(936): error C3646: 'ai_canonname' : spécificateur de substitution inconnu
C:\Program Files (x86)\Windows Kits\10\include\10.0.26100.0\shared\ws2def.h(936): error C4430: spécificateur de type manquant - int est pris en compte par défaut. Remarque : C++ ne prend pas en charge int par défaut
C:\Program Files\Microsoft Visual Studio\2022\Community\VC\Tools\MSVC\14.44.35207\include\xnode_handle.h(23): error C2159: plus d'une classe de stockage spécifiée
C:\Program Files\Microsoft Visual Studio\2022\Community\VC\Tools\MSVC\14.44.35207\include\xnode_handle.h(23): error C2059: erreur de syntaxe : 'chaîne'
C:\Program Files\Microsoft Visual Studio\2022\Community\VC\Tools\MSVC\14.44.35207\include\xnode_handle.h(23): error C2143: erreur de syntaxe : absence de ';' avant '{'
C:\Program Files\Microsoft Visual Studio\2022\Community\VC\Tools\MSVC\14.44.35207\include\xnode_handle.h(23): error C2447: '{' : en-tête de fonction manquant (liste formelle à l'ancien format ?)
C:\Program Files\Microsoft Visual Studio\2022\Community\VC\Tools\MSVC\14.44.35207\include\xtree(1784): error C3878: erreur de syntaxe : jeton inattendu « { » après « expression »
C:\Program Files\Microsoft Visual Studio\2022\Community\VC\Tools\MSVC\14.44.35207\include\xtree(1784): note: le contexte d'instanciation du modèle (le plus ancien) est
C:\Program Files\Microsoft Visual Studio\2022\Community\VC\Tools\MSVC\14.44.35207\include\xtree(852): note: lors de la compilation du modèle de classe 'std::_Tree'
C:\Program Files\Microsoft Visual Studio\2022\Community\VC\Tools\MSVC\14.44.35207\include\xtree(1784): error C2760: erreur de syntaxe : ')' était inattendu ici; ';' attendu
C:\Program Files\Microsoft Visual Studio\2022\Community\VC\Tools\MSVC\14.44.35207\include\xtree(1784): error C3878: erreur de syntaxe : jeton inattendu « ) » après « jump-statement »
C:\Program Files\Microsoft Visual Studio\2022\Community\VC\Tools\MSVC\14.44.35207\include\xtree(1784): error C3878: erreur de syntaxe : jeton inattendu « ) » après « statement »
C:\Program Files\Microsoft Visual Studio\2022\Community\VC\Tools\MSVC\14.44.35207\include\xtree(1784): error C3878: erreur de syntaxe : jeton inattendu « ) » après « statement-seq »
C:\Program Files\Microsoft Visual Studio\2022\Community\VC\Tools\MSVC\14.44.35207\include\xtree(1784): note: l'un des éléments suivants est manquant :  '}' ?
C:\Program Files\Microsoft Visual Studio\2022\Community\VC\Tools\MSVC\14.44.35207\include\xtree(1784): error C2760: erreur de syntaxe : ')' était inattendu ici; '}' attendu
C:\Program Files\Microsoft Visual Studio\2022\Community\VC\Tools\MSVC\14.44.35207\include\xtree(1784): error C3878: erreur de syntaxe : jeton inattendu « ) » après « compound-statement »
C:\Program Files\Microsoft Visual Studio\2022\Community\VC\Tools\MSVC\14.44.35207\include\xtree(1784): error C3878: erreur de syntaxe : jeton inattendu « ) » après « selection-statement »
C:\Program Files\Microsoft Visual Studio\2022\Community\VC\Tools\MSVC\14.44.35207\include\xtree(1784): error C2760: erreur de syntaxe : '{' était inattendu ici; 'expression' attendu
C:\Program Files\Microsoft Visual Studio\2022\Community\VC\Tools\MSVC\14.44.35207\include\xtree(1784): error C3878: erreur de syntaxe : jeton inattendu « { » après « expression »
C:\Program Files\Microsoft Visual Studio\2022\Community\VC\Tools\MSVC\14.44.35207\include\xtree(1784): error C2760: erreur de syntaxe : '}' était inattendu ici; ';' attendu
C:\Program Files\Microsoft Visual Studio\2022\Community\VC\Tools\MSVC\14.44.35207\include\map(38): error C2065: '_Node_handle_map_base' : identificateur non déclaré
C:\Program Files\Microsoft Visual Studio\2022\Community\VC\Tools\MSVC\14.44.35207\include\map(38): note: le contexte d'instanciation du modèle (le plus ancien) est
C:\Program Files\Microsoft Visual Studio\2022\Community\VC\Tools\MSVC\14.44.35207\include\map(30): note: lors de la compilation du modèle de classe 'std::_Tmap_traits'
C:\Program Files\Microsoft Visual Studio\2022\Community\VC\Tools\MSVC\14.44.35207\include\map(37): error C7568: liste d'arguments manquante après le modèle de fonction supposé '_Node_handle'
C:\Program Files\Microsoft Visual Studio\2022\Community\VC\Tools\MSVC\14.44.35207\include\map(103): error C7568: liste d'arguments manquante après le modèle de fonction supposé '_Insert_return_type'
C:\Program Files\Microsoft Visual Studio\2022\Community\VC\Tools\MSVC\14.44.35207\include\map(103): note: le contexte d'instanciation du modèle (le plus ancien) est
C:\Program Files\Microsoft Visual Studio\2022\Community\VC\Tools\MSVC\14.44.35207\include\map(72): note: lors de la compilation du modèle de classe 'std::map'
C:\Program Files\Microsoft Visual Studio\2022\Community\VC\Tools\MSVC\14.44.35207\include\xhash(1541): error C7568: liste d'arguments manquante après le modèle de fonction supposé '_Insert_return_type'
C:\Program Files\Microsoft Visual Studio\2022\Community\VC\Tools\MSVC\14.44.35207\include\xhash(1541): note: le contexte d'instanciation du modèle (le plus ancien) est
C:\Program Files\Microsoft Visual Studio\2022\Community\VC\Tools\MSVC\14.44.35207\include\xhash(328): note: lors de la compilation du modèle de classe 'std::_Hash'
C:\Program Files\Microsoft Visual Studio\2022\Community\VC\Tools\MSVC\14.44.35207\include\unordered_map(38): error C2065: '_Node_handle_map_base' : identificateur non déclaré
C:\Program Files\Microsoft Visual Studio\2022\Community\VC\Tools\MSVC\14.44.35207\include\unordered_map(38): note: le contexte d'instanciation du modèle (le plus ancien) est
C:\Program Files\Microsoft Visual Studio\2022\Community\VC\Tools\MSVC\14.44.35207\include\unordered_map(29): note: lors de la compilation du modèle de classe 'std::_Umap_traits'
C:\Program Files\Microsoft Visual Studio\2022\Community\VC\Tools\MSVC\14.44.35207\include\unordered_map(37): error C7568: liste d'arguments manquante après le modèle de fonction supposé '_Node_handle'
C:\Program Files\Microsoft Visual Studio\2022\Community\VC\Tools\MSVC\14.44.35207\include\unordered_map(98): error C7568: liste d'arguments manquante après le modèle de fonction supposé '_Insert_return_type'
C:\Program Files\Microsoft Visual Studio\2022\Community\VC\Tools\MSVC\14.44.35207\include\unordered_map(98): note: le contexte d'instanciation du modèle (le plus ancien) est
C:\Program Files\Microsoft Visual Studio\2022\Community\VC\Tools\MSVC\14.44.35207\include\unordered_map(61): note: lors de la compilation du modèle de classe 'std::unordered_map'
C:\Program Files\Microsoft Visual Studio\2022\Community\VC\Tools\MSVC\14.44.35207\include\map(38): fatal error C1003: le nombre d'erreurs est supérieur à 100 ; arrêt de la compilation
[0m
